// Jest Snapshot v1, https://goo.gl/fbAQLP

exports[`AttributeSelector component renders without crashing 1`] = `
<div class="selector"><span class="selector__name">
    Size
  </span> <button data-cy="btn-variant" class="button button--grey button--selected">
    36
  </button><button data-cy="btn-variant" class="button button--grey">
    38
  </button></div>
`;
